Copyright 1986-2018 Xilinx, Inc. All Rights Reserved.
------------------------------------------------------------------------------------
| Tool Version : Vivado v.2018.3 (win64) Build 2405991 Thu Dec  6 23:38:27 MST 2018
| Date         : Fri Apr 12 10:11:13 2019
| Host         : DESKTOP-MBF5BR3 running 64-bit major release  (build 9200)
| Command      : report_control_sets -verbose -file lab2_2_control_sets_placed.rpt
| Design       : lab2_2
| Device       : xc7a100t
------------------------------------------------------------------------------------

Control Set Information

Table of Contents
-----------------
1. Summary
2. Histogram
3. Flip-Flop Distribution
4. Detailed Control Set Information

1. Summary
----------

+----------------------------------------------------------+-------+
|                          Status                          | Count |
+----------------------------------------------------------+-------+
| Number of unique control sets                            |    14 |
| Unused register locations in slices containing registers |    92 |
+----------------------------------------------------------+-------+


2. Histogram
------------

+--------+--------------+
| Fanout | Control Sets |
+--------+--------------+
|      1 |           12 |
|      4 |            2 |
+--------+--------------+


3. Flip-Flop Distribution
-------------------------

+--------------+-----------------------+------------------------+-----------------+--------------+
| Clock Enable | Synchronous Set/Reset | Asynchronous Set/Reset | Total Registers | Total Slices |
+--------------+-----------------------+------------------------+-----------------+--------------+
| No           | No                    | No                     |               0 |            0 |
| No           | No                    | Yes                    |               8 |            5 |
| No           | Yes                   | No                     |               4 |            4 |
| Yes          | No                    | No                     |               0 |            0 |
| Yes          | No                    | Yes                    |               8 |            6 |
| Yes          | Yes                   | No                     |               0 |            0 |
+--------------+-----------------------+------------------------+-----------------+--------------+


4. Detailed Control Set Information
-----------------------------------

+----------------------------+---------------+---------------------------+------------------+----------------+
|        Clock Signal        | Enable Signal |      Set/Reset Signal     | Slice Load Count | Bel Load Count |
+----------------------------+---------------+---------------------------+------------------+----------------+
|  temp_x_reg[1]_LDC_i_1_n_0 |               | temp_x_reg[1]_LDC_i_2_n_0 |                1 |              1 |
|  clk_IBUF_BUFG             |               | temp_x_reg[1]_LDC_i_2_n_0 |                1 |              1 |
|  clk_IBUF_BUFG             |               | temp_x_reg[0]_LDC_i_2_n_0 |                1 |              1 |
|  clk_IBUF_BUFG             |               | temp_x_reg[3]_LDC_i_2_n_0 |                1 |              1 |
|  clk_IBUF_BUFG             |               | temp_x_reg[2]_LDC_i_2_n_0 |                1 |              1 |
|  clk_IBUF_BUFG             | ALU/temp_x    | temp_x_reg[1]_LDC_i_1_n_0 |                1 |              1 |
|  clk_IBUF_BUFG             | ALU/temp_x    | temp_x_reg[0]_LDC_i_1_n_0 |                1 |              1 |
|  clk_IBUF_BUFG             | ALU/temp_x    | temp_x_reg[2]_LDC_i_1_n_0 |                1 |              1 |
|  clk_IBUF_BUFG             | ALU/temp_x    | temp_x_reg[3]_LDC_i_1_n_0 |                1 |              1 |
|  temp_x_reg[0]_LDC_i_1_n_0 |               | temp_x_reg[0]_LDC_i_2_n_0 |                1 |              1 |
|  temp_x_reg[2]_LDC_i_1_n_0 |               | temp_x_reg[2]_LDC_i_2_n_0 |                1 |              1 |
|  temp_x_reg[3]_LDC_i_1_n_0 |               | temp_x_reg[3]_LDC_i_2_n_0 |                1 |              1 |
|  clk_IBUF_BUFG             |               | rst_IBUF                  |                1 |              4 |
|  clk_IBUF_BUFG             | ALU/temp_x    | rst_IBUF                  |                2 |              4 |
+----------------------------+---------------+---------------------------+------------------+----------------+


